
> boilingwater-app@0.1.0 build
> vite build

node.exe : [33mThe CJS build of Vite's Node API is deprecated. See 
https://vite.dev/guide/troubleshooting.html#vite-cjs-node-api-deprecated for 
more details.[39m
At line:1 char:1
+ & "C:\Program Files\nodejs/node.exe" "C:\Program Files\nodejs/node_mo ...
+ ~~~~~~~~~~~~~~~~~~~~~~~~~~~~~~~~~~~~~~~~~~~~~~~~~~~~~~~~~~~~~~~~~~~~~
    + CategoryInfo          : NotSpecified: ([33mThe CJS bu...e details.[39m 
   :String) [], RemoteException
    + FullyQualifiedErrorId : NativeCommandError
 
[36mvite v5.4.21 [32mbuilding for production...[36m[39m
transforming...
[32mΓ£ô[39m 49 modules transformed.
rendering chunks...
computing gzip size...
[2mdist/[22m[32mindex.html                        [39m[1m[2m  0.79 kB[22m[1m[22m[2m Γöé gzip:  0.44 kB[22m
[2mdist/[22m[35massets/index-CNaaFwTn.css         [39m[1m[2m 20.67 kB[22m[1m[22m[2m Γöé gzip:  4.66 kB[22m
[2mdist/[22m[36massets/locationUtils-BYvERwy_.js  [39m[1m[2m  2.10 kB[22m[1m[22m[2m Γöé gzip:  0.96 kB[22m[2m Γöé map:   7.98 kB[22m
[2mdist/[22m[36massets/h2o-edT4BLYe.js            [39m[1m[2m  3.24 kB[22m[1m[22m[2m Γöé gzip:  1.58 kB[22m[2m Γöé map:   0.10 kB[22m
[2mdist/[22m[36massets/water-U2A5_H3u.js          [39m[1m[2m  4.60 kB[22m[1m[22m[2m Γöé gzip:  2.16 kB[22m[2m Γöé map:   0.10 kB[22m
[2mdist/[22m[36massets/ice-Di9f8SsL.js            [39m[1m[2m  5.97 kB[22m[1m[22m[2m Γöé gzip:  2.74 kB[22m[2m Γöé map:   0.10 kB[22m
[2mdist/[22m[36massets/steam-BeyMJktT.js          [39m[1m[2m  7.46 kB[22m[1m[22m[2m Γöé gzip:  3.06 kB[22m[2m Γöé map:   0.10 kB[22m
[2mdist/[22m[36massets/index-Dg_bf8fA.js          [39m[1m[2m177.08 kB[22m[1m[22m[2m Γöé gzip: 57.44 kB[22m[2m Γöé map: 510.21 kB[22m
[32mΓ£ô built in 457ms[39m
